// Jest Snapshot v1, https://goo.gl/fbAQLP

exports[`Gets devtool result 1`] = `"module.exports = {\\"ts\\":\\"// App.tsx\\\\n\\\\n{\\\\n  /**\\\\n   ********* WARNING ********\\\\n   * THIS CODE WAS LAUNCHED FROM LOCALHOST.\\\\n   * LOCAL PACKAGES MAY NOT MATCH THE DEPENDENCIES\\\\n   * USED IN THIS SANDBOX.\\\\n   *\\\\n   * TEST SANDBOX FOR BACKWARD COMPATIBLITY IF DESIRED.\\\\n   ********* WARNING ********\\\\n   */\\\\n}\\\\n\\\\nimport { FC } from 'react'\\\\nimport './styles.css'\\\\n\\\\nconst App: FC = () => {\\\\n  return (\\\\n    <div className=\\\\\\"App\\\\\\">\\\\n      <h1>Hello CodeSandbox</h1>\\\\n      <h2>Start editing to see some magic happen!</h2>\\\\n    </div>\\\\n  )\\\\n}\\\\n\\",\\"js\\":\\"// App.tsx\\\\n{\\\\n  /**\\\\n   ********* WARNING ********\\\\n   * THIS CODE WAS LAUNCHED FROM LOCALHOST.\\\\n   * LOCAL PACKAGES MAY NOT MATCH THE DEPENDENCIES\\\\n   * USED IN THIS SANDBOX.\\\\n   *\\\\n   * TEST SANDBOX FOR BACKWARD COMPATIBLITY IF DESIRED.\\\\n   ********* WARNING ********\\\\n   */\\\\n}\\\\nimport './styles.css'\\\\nconst App = () => {\\\\n  return (\\\\n    <div className=\\\\\\"App\\\\\\">\\\\n      <h1>Hello CodeSandbox</h1>\\\\n      <h2>Start editing to see some magic happen!</h2>\\\\n    </div>\\\\n  )\\\\n}\\\\n\\",\\"tsUrl\\":\\"https://codesandbox.io/api/v1/sandboxes/define?parameters=N4IgZglgNgpgziAXKADgQwMYGs0HMYB0AVnAPYB2SoGFALjObUiMADrkAEHrI5aAtjB6JuIGgBN4acuIBGpAB4BaAE4xMtJbTgKeAGnZceANxgq4ECsNEBGAgAYH-w6MlwMKiClqXy1ns6colgwAJ4A7qQq4nDWANoAugZBPPxoEH5IonAqGAD0GZIKBNq6IMlGIJIoDJLkGBDw1mxBlQACsmiyoVAUJHk0av4gACwEAEwENoFc7Z3dveT9uACuEMNjk9PlLpXzPX1wSgAWpKRYw4529jOzPGoawzYA7A4Tt5UPGJr7iyTDAGY3gDthU7iAvppxKR-E9Xo5xh9RJClO5PN5YlkeGNHACkTxaKEakowPBaMNJgBOJwgFwAXzBPEkxgAIjAajIGA0mlkWrNRCg1LQfGYKQQAKxTfEgQUwYWNFRKFBQFa4DJKKK4aQQABeMCUEH4KCi2jFQJG0rahJqcDykLhb3GNx2rVEVqJ8Dt6m-SmhsKxIBeb0p0ut8A8XnJAbGmwCQQZLh4aMjmJEfPBcFoaBUUZE929mmTGI4mezUbBezWUHEwxRRe0HFkVZrLv5BLJtYLqIjxfomY4SiUDGMAF4SH7pTAiDBvp2NN30Q2pzOo_TGSBZCpSOE4GY4FAIJn4rtRAA-BEAUml5FItA4kjQLYrohvd8aHAAPCOODZQSeeK-HCkCgAD6_AZBAHBoFAUBxlwCTsHS7AgAyIDaDQ5CQLgxBkJQyBiHQDBMIgLCJiAGQYCqkjHiABB5Dk-QAFSMXkjE8EkZE0Ea0BmAA8t4viphw6aVJmnizlktAqCsMDPjw8AALKkOIKywAAkowZjAdYUkyXJIAHrINETuUojwE6Njiux-kkGUeYQl2tlwRwSHkK5KF6LRsrymYuRUARmmMMw6Y8IKGS0AA6hA4i0Mc1gABz2OuWayFFMVxVk4zrisu4ACpdEJYDQbu667uB1hFVAJVkRY5C4LAACKKy3kIknSbJZFSekB51QAwjCaTDDe5Cteum6YCEtAAMroA0dU6e1662QAQioE1ylNAgwAAMhkrUiJV1UpOAKrRRVxVCG5yGoQQEhSDI8gKHkkQqFgcCzYQJAUP5GH0EFJEhQ570UBYphKmoxiNOEzT_iASmyDx8QAk6egcAAbM84oca6PD5bIsC5hwcQ2PY4wjKjzxo1j-lsnAWC0NpWTEyM9hJRwiX2NjbYgLT9PAVwAASLLxDYlIoz-9iJQh8aIddnkMXkACCKAoCUOg_YR_0gHkeQcMrqulOw7DpqxbGtMxFuWxwEWKwASgAcmp9sAOIcJblu7IxHC5QLalTRwvW8SyACi1uK_722KwAqvbvUC8HLIcAAYrbvEKRw228b1ivbQLvFTblBCexnWc5xwAAKiu9QA0orzvB_7CmKwAmhw9u8blHBN7lcfe_HHAh-Xwf2yHsdqQ3xdR1NCccE7fd-xwU2KyPy28QAGkX5vF7lDed0vK_r8nvG2xwy1V9XNu24ngcKZXuVqct21qblrdqUnA8N2ptsJ5vszu1bl9HYuzdv_M2f88iyz8OQQ0xoczCWTr1FyHAwBbn4BwAA5JCdB7AYEmgwXRTMPR4C3TgHAbBUCML9n1iIJOiDvwAAoACUHARynmEi4IUKwVCcHoSeD84gIDGA4JRNApD7ZbRHDwfWPBTwni4B-Y4NhTwCxgDBUgAdlIwE2g9RQH48iKNka6eRxxxinimlmOBMABE-DqhwBmJYYAwBLDCJxaQ1QYA4McNAKsGAAEI9EmMMfyPRAjjBBI4IwyBHkQAK0KDAYopQNaBWIuRI0eDgAcDUJyFQSCUEwgwSiP05DcFwP1sg1B-ClYq2KWkuB6CCGElgHAEhZCjb1BBneLct5g6wEEIwFh95SAYBWH02gBB8C0B6TAUZy1QhqXEPQzBZxaDoMiVArJkgVD0I_GUvIp5UZdMmb0oiazokK0IU0lpSS_opIwNIYwoj2FBAEe9KAaBQgHVgAoAA3C4MAXyRA2F-UEcI0VYqAtZheYFXBjgwAgLgY4tAIX2ChZA9gBAynpjAHQEkAhoAfJLNII4u5PBgGhXY-JmhoLwvICIDAREzDAvcnSFlQA&query=template%3Ddefault%26fontsize%3D14px%26hidenavigation%3D0%26theme%3Ddark%26extends%3Dfile%253A%252FVolumes%252FCode%252Frepos%252Fharvest%252Freact-babylonjs%252Fpackages%252Fdevtool-loader%252Fdist%252F..%252Fsrc%252Fcodesandbox-templates%252Fts%26module%3D%252Fsrc%252FApp.tsx\\",\\"jsUrl\\":\\"https://codesandbox.io/api/v1/sandboxes/define?parameters=N4IgZglgNgpgziAXKADgQwMYGs0HMYB0AVnAPYB2SoGFALjObUiMADrkAEHrI5aAtjB6JuIGgBN4acuIBGpAB4BaAE4xMtJSQU8ANOy48AbjBVwIFYaICMBAAz29B0ZLgYVEFLQvkrPJ5yiWDAAngDupCricFYA2gC6-oE8_GgQvkiicCoYAPTpkgoEtHA6IEmGIJIoDJLkGBDwVmyBlQACsmiyIVAUJLk0an4gACwEAEwE1gFc7Z3dveT9uACuEMNjk9PlzpXzPX1wSgAWpKRYww62djOzPGoaw9YA7PYTt5UPGJr7iyTDAGY3gDthU7iAvppxKR-E9Xg5xh9RJClG4PF4YpkeGMHAD_IEAL5gniSIwAERgNRkDAaTUyLVmohQalo3lMw0mAFYpkieMyYKzGiolCgoCtcOklJFcNIIAAvGBKCD8FCREocghAka8kC0EI1NGeWgbAibfFcInOHiGjHNXZZWhoFTGrEQ9TfVHuI1wDhwR3OnWyNZQcTDFE2kocIPQUM7Vqieh-sPuzQRn2J2gcJRKBhGAC8JGhsLjjJ4MCIMG-yY0nvRkfLlZdzktyRAshUpDCcFMcCgECTmVi9p4AD4EQBSHXkUiZyRoWNgyrTzONDgAHjzHGsoOHvBnHFIKAA-vx0hAOGgoFBzRx4uwCewQESQAR-YLTDkqGI6AwmIgWFaIDMuktAAOoQOItDHFYAAcdjErqXTgZB0GZOMCErN2AAqXSYiIYCXt2CHdqeVgEVARGAeY5C4LAACKKwzkImS0CoKwwAhrFpH2NEAMIwqkwzTuQzEIe2mDBLQADK6ANDRVisexCHaAAQioEkClJAgwAAMukzH4YRHGAWAYoQWRRn3o-z4EBIUgyPICi5BEKhYHAsmECQFBfjQjC_swDLIvAqrkOYJgimoRiNGEdrxjwACypCyNABkcLEALjPBHAAGzPJyiS7jhsiwC6IixNYdjjCMugcM82X5YuogUnAWC0IecTWCMdhZXBdgFXFIDNa1h5cAAEmSHUAJyZTVFVwXehJWZQz7ZHkACCKAoMQpQ-T-jDMLkuQcBtW0lDo5CBbkABUV27Dd90PRwoFrQASgAcgAkm9ADiHAPQ9d0cFho0fVJHC8QA8mSACiT1rWDOlrQAqm9vGjdDZIcAAYi9EPxRwOkQ7xa06aNENSVhBCA4TxM6RwAAKa28QA0mt33Q2D8VrQAmhwb0Q1hHBc1haNA-jHAw_T0NvTDqMfRzgNI1JGMcF9YugxwUlrTLKkQwAGlTrS3UbQMc4LWs6_r2MQy9HAqUzzPPS9mOQ_FjNYR9Kk6R9WG8x9WMSxzH0vRjhuzP9j1O59P1_RHxvh7kS3KqqzocAA5AQuR-j08C2XAcBp-wvl-sdm0cJuAAUACU5cjhwgUsisKicBX9pruIEBGBwGBQGg-dvdpeY8Cdo72lwa7HNYI6jTAV6kODpCSFpDmKGuuSTyOY_rsc4wjlJ_qZjAHfeDRHBtb6MAwL6MJX6kEoYBwxxoJtDAAIRrzvm_xmvHdGF_XBVyWk-XQIBVr5GpEUbQu0_L7X_MnNU9cOBqGpCoDgBIOBgA7PwdOKIiyF3IPA1OJ0MFYPTpnE6-DCGZgzlnPUsA4B5wLuwIuFAS4dhnNDWAghGDlw4NCDAKxuG0AIPgWgnCYBCJUiED64gK5p3YbQNOgDfDkGQZIFQFc1zENyCOGqCjxFCOUcA0BORaE5wYRgfO0D6CwLENIIwfd67OA7u5XuIR8KwAUAAbmcKZGACgRDWB8YEMIEEoKBO6uOYJXBjgwAgLgY4tAIl2CiUtdgBBiGBTAHQJQBFTxQHcb6aQRxuweDANEs-_jNCXnieQEQGBfymGCQ-ZaBICRAA&query=template%3Ddefault%26fontsize%3D14px%26hidenavigation%3D0%26theme%3Ddark%26extends%3Dfile%253A%252FVolumes%252FCode%252Frepos%252Fharvest%252Freact-babylonjs%252Fpackages%252Fdevtool-loader%252Fdist%252F..%252Fsrc%252Fcodesandbox-templates%252Fjs%26module%3D%252Fsrc%252FApp.jsx\\"};"`;
